2026-08-24 17:16:38,030 INFO o.a.j.u.JMeterUtils: Setting Locale to en_US
2026-08-24 17:16:38,055 INFO o.a.j.JMeter: Loading user properties from: C:\Users\moaid\AppData\Local\Programs\JMeter\bin\user.properties
2026-08-24 17:16:38,055 INFO o.a.j.JMeter: Loading system properties from: C:\Users\moaid\AppData\Local\Programs\JMeter\bin\system.properties
2026-08-24 17:16:38,067 INFO o.a.j.JMeter: Copyright (c) 1998-2024 The Apache Software Foundation
2026-08-24 17:16:38,067 INFO o.a.j.JMeter: Version 5.6.3
2026-08-24 17:16:38,067 INFO o.a.j.JMeter: java.version=23.0.2
2026-08-24 17:16:38,067 INFO o.a.j.JMeter: java.vm.name=Java HotSpot(TM) 64-Bit Server VM
2026-08-24 17:16:38,067 INFO o.a.j.JMeter: os.name=Windows 11
2026-08-24 17:16:38,067 INFO o.a.j.JMeter: os.arch=amd64
2026-08-24 17:16:38,067 INFO o.a.j.JMeter: os.version=10.0
2026-08-24 17:16:38,067 INFO o.a.j.JMeter: file.encoding=UTF-8
2026-08-24 17:16:38,067 INFO o.a.j.JMeter: java.awt.headless=true
2026-08-24 17:16:38,067 INFO o.a.j.JMeter: Max memory     =4097835008
2026-08-24 17:16:38,067 INFO o.a.j.JMeter: Available Processors =16
2026-08-24 17:16:38,083 INFO o.a.j.JMeter: Default Locale=English (United States)
2026-08-24 17:16:38,084 INFO o.a.j.JMeter: JMeter  Locale=English (United States)
2026-08-24 17:16:38,084 INFO o.a.j.JMeter: JMeterHome=C:\Users\moaid\AppData\Local\Programs\JMeter
2026-08-24 17:16:38,084 INFO o.a.j.JMeter: user.dir  =C:\Users\moaid\Documents\antigravity\wonderful-raman
2026-08-24 17:16:38,084 INFO o.a.j.JMeter: PWD       =C:\Users\moaid\Documents\antigravity\wonderful-raman
2026-08-24 17:16:38,084 INFO o.a.j.JMeter: IP: 192.168.100.8 Name: MoayedBadawy FullName: host.docker.internal
2026-08-24 17:16:38,111 INFO o.a.j.s.FileServer: Default base='C:\Users\moaid\Documents\antigravity\wonderful-raman'
2026-08-24 17:16:38,113 INFO o.a.j.s.FileServer: Set new base='C:\Users\moaid\Documents\antigravity\wonderful-raman\exercises\05_perf_jmeter\02_missing_assertion'
2026-08-24 17:16:38,459 INFO o.a.j.s.SaveService: Testplan (JMX) version: 2.2. Testlog (JTL) version: 2.2
2026-08-24 17:16:38,510 INFO o.a.j.s.SaveService: Using SaveService properties version 5.0
2026-08-24 17:16:38,517 INFO o.a.j.s.SaveService: Using SaveService properties file encoding UTF-8
2026-08-24 17:16:38,517 INFO o.a.j.s.SaveService: Loading file: exercises\05_perf_jmeter\02_missing_assertion\solution.jmx
2026-08-24 17:16:38,605 INFO o.a.j.p.h.s.HTTPSamplerBase: Parser for text/html is org.apache.jmeter.protocol.http.parser.LagartoBasedHtmlParser
2026-08-24 17:16:38,605 INFO o.a.j.p.h.s.HTTPSamplerBase: Parser for application/xhtml+xml is org.apache.jmeter.protocol.http.parser.LagartoBasedHtmlParser
2026-08-24 17:16:38,605 INFO o.a.j.p.h.s.HTTPSamplerBase: Parser for application/xml is org.apache.jmeter.protocol.http.parser.LagartoBasedHtmlParser
2026-08-24 17:16:38,605 INFO o.a.j.p.h.s.HTTPSamplerBase: Parser for text/xml is org.apache.jmeter.protocol.http.parser.LagartoBasedHtmlParser
2026-08-24 17:16:38,605 INFO o.a.j.p.h.s.HTTPSamplerBase: Parser for text/vnd.wap.wml is org.apache.jmeter.protocol.http.parser.RegexpHTMLParser
2026-08-24 17:16:38,605 INFO o.a.j.p.h.s.HTTPSamplerBase: Parser for text/css is org.apache.jmeter.protocol.http.parser.CssParser
2026-08-24 17:16:38,624 INFO o.a.j.JMeter: Creating summariser <summary>
2026-08-24 17:16:38,674 INFO o.a.j.e.StandardJMeterEngine: Running the test!
2026-08-24 17:16:38,674 INFO o.a.j.s.SampleEvent: List of sample_variables: []
2026-08-24 17:16:38,674 INFO o.a.j.s.SampleEvent: List of sample_variables: []
2026-08-24 17:16:38,685 INFO o.a.j.e.u.CompoundVariable: Note: Function class names must contain the string: '.functions.'
2026-08-24 17:16:38,685 INFO o.a.j.e.u.CompoundVariable: Note: Function class names must not contain the string: '.gui.'
2026-08-24 17:16:38,791 INFO o.a.j.JMeter: Running test (1787580998791)
2026-08-24 17:16:38,810 INFO o.a.j.e.StandardJMeterEngine: Starting ThreadGroup: 1 : Load Users
2026-08-24 17:16:38,810 INFO o.a.j.e.StandardJMeterEngine: Starting 5 threads for group Load Users.
2026-08-24 17:16:38,810 INFO o.a.j.e.StandardJMeterEngine: Thread will continue on error
2026-08-24 17:16:38,816 INFO o.a.j.t.ThreadGroup: Starting thread group... number=1 threads=5 ramp-up=2 delayedStart=false
2026-08-24 17:16:38,824 INFO o.a.j.t.ThreadGroup: Started thread group number 1
2026-08-24 17:16:38,824 INFO o.a.j.e.StandardJMeterEngine: All thread groups have been started
2026-08-24 17:16:38,825 INFO o.a.j.t.JMeterThread: Thread started: Load Users 1-1
2026-08-24 17:16:38,846 INFO o.a.j.p.h.s.HTTPHCAbstractImpl: Local host = MoayedBadawy
2026-08-24 17:16:38,854 INFO o.a.j.p.h.s.HTTPHC4Impl: HTTP request retry count = 0
2026-08-24 17:16:38,856 INFO o.a.j.s.SampleResult: Note: Sample TimeStamps are START times
2026-08-24 17:16:38,856 INFO o.a.j.s.SampleResult: sampleresult.default.encoding is set to UTF-8
2026-08-24 17:16:38,856 INFO o.a.j.s.SampleResult: sampleresult.useNanoTime=true
2026-08-24 17:16:38,856 INFO o.a.j.s.SampleResult: sampleresult.nanoThreadSleep=5000
2026-08-24 17:16:38,998 INFO o.a.j.t.JMeterThread: Thread is done: Load Users 1-1
2026-08-24 17:16:38,999 INFO o.a.j.t.JMeterThread: Thread finished: Load Users 1-1
2026-08-24 17:16:39,225 INFO o.a.j.t.JMeterThread: Thread started: Load Users 1-2
2026-08-24 17:16:39,247 INFO o.a.j.t.JMeterThread: Thread is done: Load Users 1-2
2026-08-24 17:16:39,247 INFO o.a.j.t.JMeterThread: Thread finished: Load Users 1-2
2026-08-24 17:16:39,625 INFO o.a.j.t.JMeterThread: Thread started: Load Users 1-3
2026-08-24 17:16:39,649 INFO o.a.j.t.JMeterThread: Thread is done: Load Users 1-3
2026-08-24 17:16:39,649 INFO o.a.j.t.JMeterThread: Thread finished: Load Users 1-3
2026-08-24 17:16:40,024 INFO o.a.j.t.JMeterThread: Thread started: Load Users 1-4
2026-08-24 17:16:40,047 INFO o.a.j.t.JMeterThread: Thread is done: Load Users 1-4
2026-08-24 17:16:40,047 INFO o.a.j.t.JMeterThread: Thread finished: Load Users 1-4
2026-08-24 17:16:40,418 INFO o.a.j.t.JMeterThread: Thread started: Load Users 1-5
2026-08-24 17:16:40,434 INFO o.a.j.t.JMeterThread: Thread is done: Load Users 1-5
2026-08-24 17:16:40,434 INFO o.a.j.t.JMeterThread: Thread finished: Load Users 1-5
2026-08-24 17:16:40,434 INFO o.a.j.e.StandardJMeterEngine: Notifying test listeners of end of test
2026-08-24 17:16:40,434 INFO o.a.j.r.Summariser: summary =     25 in 00:00:02 =   15.2/s Avg:     4 Min:     1 Max:    46 Err:     0 (0.00%)
